[backblue.gif]
[fade.gif]
[index.html]
[storage.googleapis.com/wzsitethumbnails/site-49624684/800x500.jpg]
[149b4.wpc.azureedge.net/80149B4/insights/tff90.js]
[components.mywebsitebuilder.com/g-202009151209088770/viewer/viewer.js]
[storage.googleapis.com/wzukusers/user-34884771/sites/49624684/5d407c32a6c9fJ3zrpJg/0093540bda5d4f2eb4186d5ff681efb222db.json]
[storage.googleapis.com/wzukusers/user-34884771/sites/49624684/5d407c32a6c9fJ3zrpJg/5a34b3a928d14b8fa413f584616f775e22db.json]
[storage.googleapis.com/wzukusers/user-34884771/sites/49624684/5d407c32a6c9fJ3zrpJg/5a0d364130074bbeb19232cbe4efb03722db.json]
[www.snockonews.net/index.html]
[components.mywebsitebuilder.com/g-202009151209088770/viewer-vdeck/images/events-catcher-background.png]
[components.mywebsitebuilder.com/g-202009151209088770/viewer-vdeck/images/loading-animation-1.gif]
[components.mywebsitebuilder.com/g-202009151209088770/viewer-vdeck/images/transparent-background-small.png]
[components.mywebsitebuilder.com/g-202009151209088770/viewer-vdeck/images/transparent-background-2.png]
[components.mywebsitebuilder.com/g-202009151209088770/viewer-vdeck/images/diagonal-red.png]
[components.mywebsitebuilder.com/g-202009151209088770/viewer-vdeck/images/horizontal-shadow-3-bottom-to-top.png]
[components.mywebsitebuilder.com/g-202009151209088770/viewer-vdeck/images/horizontal-shadow-3-top-to-bottom.png]
[components.mywebsitebuilder.com/g-202009151209088770/viewer-vdeck/images/fully-transparent.png]
[components.mywebsitebuilder.com/g-202009151209088770/viewer-vdeck/images/gradient-bottom-1.png]
[components.mywebsitebuilder.com/g-202009151209088770/viewer-vdeck/images/animated-dash-red-white.gif]
[components.mywebsitebuilder.com/g-202009151209088770/viewer-vdeck/images/animated-dash-green.gif]
[components.mywebsitebuilder.com/g-202009151209088770/viewer-vdeck/images/animated-dashed-2.gif]
[components.mywebsitebuilder.com/g-202009151209088770/viewer-vdeck/images/checkers-texture-1.png]
[components.mywebsitebuilder.com/g-202009151209088770/viewer-vdeck/images/checkers-texture-2.png]
[components.mywebsitebuilder.com/g-202009151209088770/viewer-vdeck/images/texture-diagonal-black-on-transparent.png]
[components.mywebsitebuilder.com/g-202009151209088770/viewer-vdeck/images/spaced-dot.png]
[components.mywebsitebuilder.com/g-202009151209088770/viewer-vdeck/viewer.css]
